---
source: src/main.rs
expression: run()
---
(
    "NTWZZWHFV",
    "BRZGFVBTJ",
)
