---
source: src/main.rs
expression: run()?
---
(
    7990,
    2602,
)
