---
source: src/main.rs
expression: run()
---
Ok(
    (
        567,
        907,
    ),
)
