---
source: src/main.rs
expression: run()?
---
(
    12772,
    11618,
)
