---
source: day12/src/main.rs
expression: solve(input)
---
(
    420,
    414,
)
