---
source: day12/src/main.rs
expression: solve(input)
---
(
    31,
    29,
)
