---
source: src/main.rs
expression: run()?
---
(
    69883,
    207576,
)
