---
source: src/main.rs
expression: run()
---
(
    1077191,
    5649896,
)
