---
source: day09/src/main.rs
expression: solve()
---
(
    5874,
    2467,
)
