---
source: src/main.rs
expression: run()
---
(
    1175,
    3217,
)
